// Jest Snapshot v1, https://goo.gl/fbAQLP

exports[`VideoTile tests should match the snapshot on first render 1`] = `
<View
  collapsable={false}
  onBlur={[Function]}
  onFocus={[Function]}
  style={
    Object {
      "alignItems": "center",
      "flex": 1,
      "justifyContent": "center",
      "transform": Array [
        Object {
          "scale": 1,
        },
      ],
    }
  }
  testID="tileContainer1"
>
  <View
    accessibilityState={
      Object {
        "busy": undefined,
        "checked": undefined,
        "disabled": undefined,
        "expanded": undefined,
        "selected": undefined,
      }
    }
    accessibilityValue={
      Object {
        "max": undefined,
        "min": undefined,
        "now": undefined,
        "text": undefined,
      }
    }
    accessible={true}
    collapsable={false}
    focusable={true}
    onBlur={[Function]}
    onClick={[Function]}
    onFocus={[Function]}
    onResponderGrant={[Function]}
    onResponderMove={[Function]}
    onResponderRelease={[Function]}
    onResponderTerminate={[Function]}
    onResponderTerminationRequest={[Function]}
    onStartShouldSetResponder={[Function]}
    style={
      Array [
        Object {
          "backgroundColor": "#202225",
          "borderColor": "transparent",
          "borderRadius": 16,
          "borderWidth": 5,
          "height": 314,
          "margin": undefined,
          "overflow": "hidden",
          "shadowColor": "#000000",
          "shadowOffset": Object {
            "height": 1,
            "width": 0,
          },
          "shadowOpacity": 0.3,
          "shadowRadius": 2,
          "width": 214,
        },
        Object {
          "alignItems": "flex-start",
          "flexDirection": "column",
          "overflow": "hidden",
        },
        undefined,
        false,
      ]
    }
    testID="card1"
  >
    <View
      style={
        Object {
          "aspectRatio": 1,
          "height": undefined,
          "width": 204,
        }
      }
    >
      <Image
        source={
          Object {
            "uri": "https://example.com/thumbnail.jpg",
          }
        }
        style={
          Array [
            Object {
              "borderRadius": 0,
            },
            Object {
              "height": "100%",
              "resizeMode": "cover",
              "width": "100%",
            },
            undefined,
            false,
          ]
        }
      />
    </View>
  </View>
</View>
`;
